============================= test session starts =============================
platform win32 -- Python 3.13.12, pytest-9.0.3, pluggy-1.5.0 -- C:\Users\eke_l\miniconda3\python.exe
cachedir: .pytest_cache
rootdir: c:\project\indextts-gui2
configfile: pyproject.toml
plugins: anyio-4.10.0
collecting ... collected 125 items

tests/test_engine.py::TestEngineRegistry::test_discover PASSED           [  0%]
tests/test_engine.py::TestEngineRegistry::test_singleton PASSED          [  1%]
tests/test_engine.py::TestEngineRegistry::test_get_existing PASSED       [  2%]
tests/test_engine.py::TestEngineRegistry::test_get_nonexistent PASSED    [  3%]
tests/test_engine.py::TestEngineRegistry::test_list_engines PASSED       [  4%]
tests/test_engine.py::TestEngineRegistry::test_engine_ids PASSED         [  4%]
tests/test_engine.py::TestIndexTTSEngine::test_schema_has_required_fields PASSED [  5%]
tests/test_engine.py::TestIndexTTSEngine::test_schema_emotion_vector_fields FAILED [  6%]
tests/test_engine.py::TestIndexTTSEngine::test_validate_empty_text PASSED [  7%]
tests/test_engine.py::TestIndexTTSEngine::test_validate_missing_ref_audio PASSED [  8%]
tests/test_engine.py::TestIndexTTSEngine::test_validate_emotion_vector_range PASSED [  8%]
tests/test_engine.py::TestIndexTTSEngine::test_validate_emotion_ref_audio_missing PASSED [  9%]
tests/test_engine.py::TestIndexTTSEngine::test_validate_passes_valid PASSED [ 10%]
tests/test_engine.py::TestGPTSoVitsEngine::test_schema PASSED            [ 11%]
tests/test_engine.py::TestGPTSoVitsEngine::test_validate_empty_text PASSED [ 12%]
tests/test_engine.py::TestGPTSoVitsEngine::test_generate_not_implemented PASSED [ 12%]
tests/test_engine.py::TestParamField::test_default_creation PASSED       [ 13%]
tests/test_engine.py::TestParamField::test_visible_when_condition PASSED [ 14%]
tests/test_file_utils.py::TestSanitizeFilename::test_normal_text PASSED  [ 15%]
tests/test_file_utils.py::TestSanitizeFilename::test_english PASSED      [ 16%]
tests/test_file_utils.py::TestSanitizeFilename::test_mixed PASSED        [ 16%]
tests/test_file_utils.py::TestSanitizeFilename::test_max_length PASSED   [ 17%]
tests/test_file_utils.py::TestSanitizeFilename::test_empty PASSED        [ 18%]
tests/test_file_utils.py::TestSanitizeFilename::test_only_special_chars PASSED [ 19%]
tests/test_file_utils.py::TestMakeAudioFilename::test_basic PASSED       [ 20%]
tests/test_file_utils.py::TestMakeAudioFilename::test_with_ext PASSED    [ 20%]
tests/test_file_utils.py::TestEnsureDir::test_create PASSED              [ 21%]
tests/test_file_utils.py::TestAtomicWrite::test_write PASSED             [ 22%]
tests/test_file_utils.py::TestAtomicWrite::test_no_tmp_leftover PASSED   [ 23%]
tests/test_file_utils.py::TestSafeDelete::test_delete_existing PASSED    [ 24%]
tests/test_file_utils.py::TestSafeDelete::test_delete_nonexistent PASSED [ 24%]
tests/test_locking.py::TestTaskLockedField::test_default_is_false PASSED [ 25%]
tests/test_locking.py::TestTaskLockedField::test_explicit_true PASSED    [ 26%]
tests/test_locking.py::TestTaskLockedField::test_from_dict_defaults_to_false PASSED [ 27%]
tests/test_locking.py::TestTaskLockedField::test_from_dict_preserves_locked_true PASSED [ 28%]
tests/test_locking.py::TestTaskLockedField::test_to_dict_includes_locked PASSED [ 28%]
tests/test_locking.py::TestTaskLockedField::test_to_dict_false_included PASSED [ 29%]
tests/test_locking.py::TestLockedRoundtrip::test_roundtrip_locked PASSED [ 30%]
tests/test_locking.py::TestLockedWithCanEdit::test_completed_locked_still_can_edit PASSED [ 31%]
tests/test_locking.py::TestLockedWithCanEdit::test_completed_unlocked_can_edit PASSED [ 32%]
tests/test_locking.py::TestLockedWithCanEdit::test_generating_cannot_edit_regardless_of_lock PASSED [ 32%]
tests/test_locking.py::TestLockedWithCanEdit::test_queued_cannot_edit_regardless_of_lock PASSED [ 33%]
tests/test_locking.py::TestLockedWithCanDelete::test_completed_locked_can_delete PASSED [ 34%]
tests/test_locking.py::TestLockedWithCanDelete::test_generating_locked_cannot_delete PASSED [ 35%]
tests/test_recipe.py::TestRecipeCreation::test_create_with_defaults PASSED [ 36%]
tests/test_recipe.py::TestRecipeCreation::test_create_with_explicit_id PASSED [ 36%]
tests/test_recipe.py::TestRecipeCreation::test_to_dict_and_from_dict PASSED [ 37%]
tests/test_recipe.py::TestRecipeCreation::test_from_dict_backward_compat PASSED [ 38%]
tests/test_recipe.py::TestRecipeCreation::test_touch_updates_timestamp PASSED [ 39%]
tests/test_recipe.py::TestRecipeCreation::test_duplicate_creates_new_id PASSED [ 40%]
tests/test_recipe.py::TestParamsEqual::test_identical PASSED             [ 40%]
tests/test_recipe.py::TestParamsEqual::test_different_values PASSED      [ 41%]
tests/test_recipe.py::TestParamsEqual::test_different_keys PASSED        [ 42%]
tests/test_recipe.py::TestParamsEqual::test_float_tolerance PASSED       [ 43%]
tests/test_recipe.py::TestParamsEqual::test_ignore_text_key PASSED       [ 44%]
tests/test_recipe.py::TestParamsEqual::test_list_comparison PASSED       [ 44%]
tests/test_recipe.py::TestParamsEqual::test_list_float_tolerance PASSED  [ 45%]
tests/test_recipe.py::TestRecipeManagerCRUD::test_empty_on_create PASSED [ 46%]
tests/test_recipe.py::TestRecipeManagerCRUD::test_add_and_get PASSED     [ 47%]
tests/test_recipe.py::TestRecipeManagerCRUD::test_add_duplicate_raises PASSED [ 48%]
tests/test_recipe.py::TestRecipeManagerCRUD::test_update PASSED          [ 48%]
tests/test_recipe.py::TestRecipeManagerCRUD::test_update_nonexistent_raises PASSED [ 49%]
tests/test_recipe.py::TestRecipeManagerCRUD::test_delete PASSED          [ 50%]
tests/test_recipe.py::TestRecipeManagerCRUD::test_delete_nonexistent_silent PASSED [ 51%]
tests/test_recipe.py::TestRecipeManagerCRUD::test_delete_batch PASSED    [ 52%]
tests/test_recipe.py::TestRecipeManagerCRUD::test_duplicate PASSED       [ 52%]
tests/test_recipe.py::TestRecipeManagerCRUD::test_duplicate_nonexistent PASSED [ 53%]
tests/test_recipe.py::TestRecipeManagerCRUD::test_list_by_engine PASSED  [ 54%]
tests/test_recipe.py::TestRecipeManagerCRUD::test_find_by_name PASSED    [ 55%]
tests/test_recipe.py::TestRecipeManagerCRUD::test_upsert_new PASSED      [ 56%]
tests/test_recipe.py::TestRecipeManagerCRUD::test_upsert_existing_by_id PASSED [ 56%]
tests/test_recipe.py::TestRecipeManagerCRUD::test_upsert_name_conflict_overwrites PASSED [ 57%]
tests/test_recipe.py::TestRecipeManagerCRUD::test_matches PASSED         [ 58%]
tests/test_recipe.py::TestRecipeManagerPersistence::test_save_and_load_preserves_data PASSED [ 59%]
tests/test_recipe.py::TestRecipeManagerPersistence::test_load_empty_file_is_safe PASSED [ 60%]
tests/test_recipe.py::TestRecipeManagerPersistence::test_load_corrupted_json_is_safe PASSED [ 60%]
tests/test_recipe.py::TestRecipeManagerExportImport::test_export_to_file PASSED [ 61%]
tests/test_recipe.py::TestRecipeManagerExportImport::test_import_merge_skips_same_name PASSED [ 62%]
tests/test_recipe.py::TestRecipeManagerExportImport::test_import_replace_overwrites_same_name PASSED [ 63%]
tests/test_recipe.py::TestRecipeManagerExportImport::test_import_force_replaces_all PASSED [ 64%]
tests/test_task.py::TestTaskStatus::test_all_statuses_exist PASSED       [ 64%]
tests/test_task.py::TestTaskCreation::test_create_default_status PASSED  [ 65%]
tests/test_task.py::TestTaskCreation::test_create_with_explicit_status PASSED [ 66%]
tests/test_task.py::TestTaskCreation::test_auto_timestamps PASSED        [ 67%]
tests/test_task.py::TestTaskStateMachine::test_pending_to_queued PASSED  [ 68%]
tests/test_task.py::TestTaskStateMachine::test_queued_to_generating PASSED [ 68%]
tests/test_task.py::TestTaskStateMachine::test_generating_to_completed PASSED [ 69%]
tests/test_task.py::TestTaskStateMachine::test_generating_to_failed PASSED [ 70%]
tests/test_task.py::TestTaskStateMachine::test_failed_to_queued_retry PASSED [ 71%]
tests/test_task.py::TestTaskStateMachine::test_completed_to_queued_retry PASSED [ 72%]
tests/test_task.py::TestTaskStateMachine::test_invalid_transition_raises PASSED [ 72%]
tests/test_task.py::TestTaskStateMachine::test_completed_to_pending_raises PASSED [ 73%]
tests/test_task.py::TestTaskStateMachine::test_updated_at_changes_on_transition PASSED [ 74%]
tests/test_task.py::TestTaskEditPermissions::test_pending_can_edit PASSED [ 75%]
tests/test_task.py::TestTaskEditPermissions::test_queued_cannot_edit PASSED [ 76%]
tests/test_task.py::TestTaskEditPermissions::test_generating_cannot_edit PASSED [ 76%]
tests/test_task.py::TestTaskEditPermissions::test_completed_can_edit PASSED [ 77%]
tests/test_task.py::TestTaskEditPermissions::test_failed_can_edit PASSED [ 78%]
tests/test_task.py::TestTaskEditPermissions::test_queued_cannot_delete PASSED [ 79%]
tests/test_task.py::TestTaskEditPermissions::test_generating_cannot_delete PASSED [ 80%]
tests/test_task.py::TestTaskSerialization::test_to_dict_and_from_dict PASSED [ 80%]
tests/test_task.py::TestTaskSerialization::test_from_dict_compatibility PASSED [ 81%]
tests/test_task.py::TestTaskSerialization::test_queued_not_persisted_in_to_dict PASSED [ 82%]
tests/test_task.py::TestTaskSerialization::test_queued_not_restored_from_dict PASSED [ 83%]
tests/test_task.py::TestTaskSerialization::test_generating_not_restored_from_dict PASSED [ 84%]
tests/test_task.py::TestSanitizeFilename::test_simple_chinese PASSED     [ 84%]
tests/test_task.py::TestSanitizeFilename::test_with_special_chars PASSED [ 85%]
tests/test_task.py::TestSanitizeFilename::test_spaces_to_underscores PASSED [ 86%]
tests/test_task.py::TestSanitizeFilename::test_max_length_truncation PASSED [ 87%]
tests/test_task.py::TestSanitizeFilename::test_all_special_chars PASSED  [ 88%]
tests/test_task.py::TestSanitizeFilename::test_empty_string PASSED       [ 88%]
tests/test_task.py::TestTaskAudioFilename::test_basic PASSED             [ 89%]
tests/test_task.py::TestTaskAudioFilename::test_with_extension PASSED    [ 90%]
tests/test_taskset.py::TestTaskSetCreation::test_create PASSED           [ 91%]
tests/test_taskset.py::TestTaskSetCreation::test_auto_id PASSED          [ 92%]
tests/test_taskset.py::TestTaskSetCreation::test_timestamps PASSED       [ 92%]
tests/test_taskset.py::TestTaskSetLoad::test_load_existing PASSED        [ 93%]
tests/test_taskset.py::TestTaskSetLoad::test_load_not_found PASSED       [ 94%]
tests/test_taskset.py::TestTaskSetLoad::test_load_with_tasks PASSED      [ 95%]
tests/test_taskset.py::TestTaskSetCRUD::test_add_task PASSED             [ 96%]
tests/test_taskset.py::TestTaskSetCRUD::test_remove_task PASSED          [ 96%]
tests/test_taskset.py::TestTaskSetCRUD::test_remove_nonexistent PASSED   [ 97%]
tests/test_taskset.py::TestTaskSetCRUD::test_get_task PASSED             [ 98%]
tests/test_taskset.py::TestTaskSetCRUD::test_next_task_id PASSED         [ 99%]
tests/test_taskset.py::TestTaskSetCRUD::test_save_and_reload PASSED      [100%]

================================== FAILURES ===================================
____________ TestIndexTTSEngine.test_schema_emotion_vector_fields _____________
tests\test_engine.py:62: in test_schema_emotion_vector_fields
    assert len(vector_fields) == 9  # weight + 8 emotions
    ^^^^^^^^^^^^^^^^^^^^^^^^^^^^^^
E   AssertionError: assert 8 == 9
E    +  where 8 = len(['calm', 'surprised', 'melancholic', 'disgusted', 'afraid', 'sad', ...])
=========================== short test summary info ===========================
FAILED tests/test_engine.py::TestIndexTTSEngine::test_schema_emotion_vector_fields
======================== 1 failed, 124 passed in 0.57s ========================
